src/app/(auth)/forgot-password.tsx(4,26): error TS2307: Cannot find module '@expo/vector-icons' or its corresponding type declarations.
src/app/(auth)/login.tsx(4,26): error TS2307: Cannot find module '@expo/vector-icons' or its corresponding type declarations.
src/app/(auth)/login.tsx(160,40): error TS2345: Argument of type '"/(auth)/forgot-password"' is not assignable to parameter of type '"/community" | "/messages" | RelativePathString | ExternalPathString | `/community?${string}` | `/community#${string}` | "/" | `/?${string}` | `/#${string}` | "/map" | `/map?${string}` | ... 83 more ... | { ...; }'.
src/app/(tabs)/_layout.tsx(2,26): error TS2307: Cannot find module '@expo/vector-icons' or its corresponding type declarations.
src/app/(tabs)/catalog.tsx(3,26): error TS2307: Cannot find module '@expo/vector-icons' or its corresponding type declarations.
src/app/(tabs)/create.tsx(3,26): error TS2307: Cannot find module '@expo/vector-icons' or its corresponding type declarations.
src/app/(tabs)/create.tsx(125,25): error TS2345: Argument of type '"/(tabs)/"' is not assignable to parameter of type '"/community" | "/messages" | RelativePathString | ExternalPathString | `/community?${string}` | `/community#${string}` | "/" | `/?${string}` | `/#${string}` | "/map" | `/map?${string}` | ... 83 more ... | { ...; }'.
src/app/(tabs)/messages.tsx(7,26): error TS2307: Cannot find module '@expo/vector-icons' or its corresponding type declarations.
src/app/(tabs)/profile.tsx(4,26): error TS2307: Cannot find module '@expo/vector-icons' or its corresponding type declarations.
src/app/(tabs)/profile.tsx(60,25): error TS2339: Property 'full_name' does not exist on type 'AuthUser'.
src/app/(tabs)/profile.tsx(64,45): error TS2339: Property 'full_name' does not exist on type 'AuthUser'.
src/app/chat/[id].tsx(8,26): error TS2307: Cannot find module '@expo/vector-icons' or its corresponding type declarations.
src/app/checkout/[id].tsx(5,26): error TS2307: Cannot find module '@expo/vector-icons' or its corresponding type declarations.
src/app/checkout/[id].tsx(102,29): error TS2339: Property 'full_name' does not exist on type 'AuthUser'.
src/app/community.tsx(4,26): error TS2307: Cannot find module '@expo/vector-icons' or its corresponding type declarations.
src/app/events/[id].tsx(7,26): error TS2307: Cannot find module '@expo/vector-icons' or its corresponding type declarations.
src/app/events/[id].tsx(110,22): error TS2339: Property 'location' does not exist on type 'Post'.
src/app/events/[id].tsx(113,58): error TS2339: Property 'location' does not exist on type 'Post'.
src/app/map.tsx(6,26): error TS2307: Cannot find module '@expo/vector-icons' or its corresponding type declarations.
src/app/marketplace/[id].tsx(7,26): error TS2307: Cannot find module '@expo/vector-icons' or its corresponding type declarations.
src/app/notifications.tsx(6,26): error TS2307: Cannot find module '@expo/vector-icons' or its corresponding type declarations.
src/app/posts/[id].tsx(8,26): error TS2307: Cannot find module '@expo/vector-icons' or its corresponding type declarations.
src/app/profile/[id].tsx(4,26): error TS2307: Cannot find module '@expo/vector-icons' or its corresponding type declarations.
src/app/settings.tsx(3,26): error TS2307: Cannot find module '@expo/vector-icons' or its corresponding type declarations.
src/app/settings.tsx(17,45): error TS2339: Property 'full_name' does not exist on type 'AuthUser'.
src/app/settings.tsx(25,23): error TS2339: Property 'full_name' does not exist on type 'AuthUser'.
src/app/tickets.tsx(4,26): error TS2307: Cannot find module '@expo/vector-icons' or its corresponding type declarations.
src/app/tickets.tsx(98,21): error TS2339: Property 'location' does not exist on type 'Post'.
src/app/tickets.tsx(101,76): error TS2339: Property 'location' does not exist on type 'Post'.
src/components/EventCard.tsx(4,26): error TS2307: Cannot find module '@expo/vector-icons' or its corresponding type declarations.
src/components/ExternalLink.tsx(11,7): error TS2322: Type 'string' is not assignable to type '"/community" | "/messages" | RelativePathString | ExternalPathString | `/community?${string}` | `/community#${string}` | "/" | `/?${string}` | `/#${string}` | "/map" | `/map?${string}` | ... 83 more ... | { ...; }'.
src/components/MarketplaceItemCard.tsx(4,26): error TS2307: Cannot find module '@expo/vector-icons' or its corresponding type declarations.
src/components/PostCard.tsx(4,26): error TS2307: Cannot find module '@expo/vector-icons' or its corresponding type declarations.
src/components/Themed.tsx(24,32): error TS2538: Type 'null' cannot be used as an index type.
src/components/Themed.tsx(24,32): error TS2538: Type 'undefined' cannot be used as an index type.
src/components/Themed.tsx(29,19): error TS2538: Type 'null' cannot be used as an index type.
src/components/Themed.tsx(29,19): error TS2538: Type 'undefined' cannot be used as an index type.
src/components/useColorScheme.ts(5,10): error TS2367: This comparison appears to be unintentional because the types 'ColorSchemeName' and '"unspecified"' have no overlap.
src/hooks/use-push-notifications.ts(14,37): error TS2322: Type 'Promise<{ shouldShowAlert: true; shouldPlaySound: true; shouldSetBadge: false; }>' is not assignable to type 'Promise<NotificationBehavior>'.
  Type '{ shouldShowAlert: true; shouldPlaySound: true; shouldSetBadge: false; }' is missing the following properties from type 'NotificationBehavior': shouldShowBanner, shouldShowList
src/hooks/use-push-notifications.ts(25,32): error TS2554: Expected 1 arguments, but got 0.
src/hooks/use-push-notifications.ts(26,28): error TS2554: Expected 1 arguments, but got 0.
